// Jest Snapshot v1, https://goo.gl/fbAQLP

exports[`ResultsListComponent renders correctly 1`] = `
<div>
  <ResultsSortComponent
    onSort={[Function]}
    sortBy="movie"
    title="1 items found"
  />
  <div
    className="container"
  >
    <div
      className="results-list"
    >
      <div
        className="row"
      >
        <div
          className="col-md-4 col-sm-6 col-xs-12"
        >
          <ResultsItemComponent
            item={
              Object {
                "id": 1,
                "release_date": "2017-01-01",
                "title": "Test movie",
                "vote_average": 5,
              }
            }
            searchBy={undefined}
          />
        </div>
      </div>
    </div>
  </div>
</div>
`;
